../Core/Inc/DWT_Delay.h:23:22:DWT_Delay_us	24	static
../Core/Inc/DWT_Delay.h:32:22:DWT_Delay_ms	24	static
../Core/Src/LCD16x2.c:8:6:LCD_DATA	16	static
../Core/Src/LCD16x2.c:15:6:LCD_CMD	24	static
../Core/Src/LCD16x2.c:31:6:LCD_Clear	8	static
../Core/Src/LCD16x2.c:39:6:LCD_SetCursor	16	static
../Core/Src/LCD16x2.c:57:6:LCD_Init	40	static
../Core/Src/LCD16x2.c:113:6:LCD_WriteChar	24	static
../Core/Src/LCD16x2.c:130:6:LCD_WriteString	24	static
../Core/Src/LCD16x2.c:140:6:LCD_ShiftLeft	8	static
../Core/Src/LCD16x2.c:149:6:LCD_ShiftRight	8	static
../Core/Src/LCD16x2.c:159:6:LCD_EN_PULSE	8	static
